#-----------------------------------------------------------
# xsim v2025.1 (64-bit)
# SW Build 6140274 on Thu May 22 00:12:29 MDT 2025
# IP Build 6138677 on Thu May 22 03:10:11 MDT 2025
# SharedData Build 6139179 on Tue May 20 17:58:58 MDT 2025
# Start of session at: Mon Sep 29 21:23:18 2025
# Process ID         : 22184
# Current directory  : C:/Users/parkw/RV32I_CPU
# Command line       : xsim.exe -mode tcl -source {xsim.dir/tb_sim/xsim_script.tcl}
# Log file           : C:/Users/parkw/RV32I_CPU/xsim.log
# Journal file       : C:/Users/parkw/RV32I_CPU\xsim.jou
# Running On         : NB-WYPARK
# Platform           : Windows Server 2016 or Windows 10
# Operating System   : 26100
# Processor Detail   : AMD Ryzen 3 PRO 7330U with Radeon Graphics     
# CPU Frequency      : 2296 MHz
# CPU Physical cores : 4
# CPU Logical cores  : 8
# Host memory        : 15886 MB
# Swap memory        : 6174 MB
# Total Virtual      : 22060 MB
# Available Virtual  : 3711 MB
#-----------------------------------------------------------
source xsim.dir/tb_sim/xsim_script.tcl
source xsim.dir/tb_sim/xsim_script.tcl
source xsim.dir/tb_sim/xsim_script.tcl
source xsim.dir/tb_sim/xsim_script.tcl
source xsim.dir/tb_sim/xsim_script.tcl
source xsim.dir/tb_sim/xsim_script.tcl
source xsim.dir/tb_sim/xsim_script.tcl
source xsim.dir/tb_sim/xsim_script.tcl
source xsim.dir/tb_sim/xsim_script.tcl
source xsim.dir/tb_sim/xsim_script.tcl
source xsim.dir/tb_sim/xsim_script.tcl
source xsim.dir/tb_sim/xsim_script.tcl
source xsim.dir/tb_sim/xsim_script.tcl
source xsim.dir/tb_sim/xsim_script.tcl
source xsim.dir/tb_sim/xsim_script.tcl
source xsim.dir/tb_sim/xsim_script.tcl
source xsim.dir/tb_sim/xsim_script.tcl
source xsim.dir/tb_sim/xsim_script.tcl
source xsim.dir/tb_sim/xsim_script.tcl
source xsim.dir/tb_sim/xsim_script.tcl
source xsim.dir/tb_sim/xsim_script.tcl
source xsim.dir/tb_sim/xsim_script.tcl
source xsim.dir/tb_sim/xsim_script.tcl
source xsim.dir/tb_sim/xsim_script.tcl
source xsim.dir/tb_sim/xsim_script.tcl
source xsim.dir/tb_sim/xsim_script.tcl
source xsim.dir/tb_sim/xsim_script.tcl
source xsim.dir/tb_sim/xsim_script.tcl
source xsim.dir/tb_sim/xsim_script.tcl
source xsim.dir/tb_sim/xsim_script.tcl
source xsim.dir/tb_sim/xsim_script.tcl
source xsim.dir/tb_sim/xsim_script.tcl
source xsim.dir/tb_sim/xsim_script.tcl
source xsim.dir/tb_sim/xsim_script.tcl
source xsim.dir/tb_sim/xsim_script.tcl
source xsim.dir/tb_sim/xsim_script.tcl
source xsim.dir/tb_sim/xsim_script.tcl
source xsim.dir/tb_sim/xsim_script.tcl
source xsim.dir/tb_sim/xsim_script.tcl
source xsim.dir/tb_sim/xsim_script.tcl
source xsim.dir/tb_sim/xsim_script.tcl
source xsim.dir/tb_sim/xsim_script.tcl
source xsim.dir/tb_sim/xsim_script.tcl
source xsim.dir/tb_sim/xsim_script.tcl
source xsim.dir/tb_sim/xsim_script.tcl
source xsim.dir/tb_sim/xsim_script.tcl
source xsim.dir/tb_sim/xsim_script.tcl
source xsim.dir/tb_sim/xsim_script.tcl
source xsim.dir/tb_sim/xsim_script.tcl
source xsim.dir/tb_sim/xsim_script.tcl
source xsim.dir/tb_sim/xsim_script.tcl
source xsim.dir/tb_sim/xsim_script.tcl
source xsim.dir/tb_sim/xsim_script.tcl
source xsim.dir/tb_sim/xsim_script.tcl
source xsim.dir/tb_sim/xsim_script.tcl
source xsim.dir/tb_sim/xsim_script.tcl
source xsim.dir/tb_sim/xsim_script.tcl
source xsim.dir/tb_sim/xsim_script.tcl
source xsim.dir/tb_sim/xsim_script.tcl
source xsim.dir/tb_sim/xsim_script.tcl
source xsim.dir/tb_sim/xsim_script.tcl
source xsim.dir/tb_sim/xsim_script.tcl
source xsim.dir/tb_sim/xsim_script.tcl
source xsim.dir/tb_sim/xsim_script.tcl
source xsim.dir/tb_sim/xsim_script.tcl
source xsim.dir/tb_sim/xsim_script.tcl
source xsim.dir/tb_sim/xsim_script.tcl
source xsim.dir/tb_sim/xsim_script.tcl
source xsim.dir/tb_sim/xsim_script.tcl
source xsim.dir/tb_sim/xsim_script.tcl
source xsim.dir/tb_sim/xsim_script.tcl
source xsim.dir/tb_sim/xsim_script.tcl
source xsim.dir/tb_sim/xsim_script.tcl
source xsim.dir/tb_sim/xsim_script.tcl
source xsim.dir/tb_sim/xsim_script.tcl
source xsim.dir/tb_sim/xsim_script.tcl
source xsim.dir/tb_sim/xsim_script.tcl
source xsim.dir/tb_sim/xsim_script.tcl
source xsim.dir/tb_sim/xsim_script.tcl
